id,name,age
1,carl,18
2,paul,20
3,jack,50
4,rose,23
5,helen,43