C_ADDRESS_UPPER
J5JSIRBM9P
487LW1DOVN6Q4DMVYM
FKRGN8N
4U58H F
HWBTXKOBF QSW4KRI