owner,join_date,leave_date
Unknown,1970-01-01,null
Owner0,2018-01-01,null
Owner156f6b6e,2018-01-02,2019-12-22
Owner16a91f7d,2018-01-03,null
Owner18c75786,2018-01-04,null