C_CUSTKEY,C_NAME,C_ADDRESS,C_CITY,C_NATION,C_REGION,C_PHONE,C_MKTSEGMENT
1,Customer#000000001,j5JsirBM9P,MOROCCO  9,MOROCCO,AFRICA,25-741-298-7683,BUILDING
2,Customer#000000002,487LW1dovn6Q4dMVym,JORDAN   7,JORDAN,MIDDLE EAST,23-687-366-7194,AUTOMOBILE
3,Customer#000000003,fkRGN8n,ARGENTINA6,ARGENTINA,AMERICA,11-748-336-1281,AUTOMOBILE
4,Customer#000000004,4u58h f,EGYPT    0,EGYPT,MIDDLE EAST,14-190-594-7505,MACHINERY
5,Customer#000000005,hwBtxkoBF qSW4KrI,CANADA   7,CANADA,AMERICA,13-942-636-1142,HOUSEHOLD