Date,2022/9/21,_c2
name,age,demo
jack,111,12312
jack2,123,12312
jack,135,12312
jack3,147,12312
jack,159,12312
jack4,171,12312
jack,183,12312
jack5,195,12312
jack,207,12312

Info,demo about skip n lines,null
Case,IT,null
Result,Success,null