"C_CITY","S_CITY","D_YEAR","LO_REVENUE"
"UNITED KI1","UNITED ST7",1992,15489905
"UNITED KI1","ARGENTINA2",1992,7319282
"UNITED KI1","UNITED ST7",1993,7219291
"UNITED KI1","ARGENTINA2",1993,5818810
"UNITED KI1","ARGENTINA2",1994,9736017
"UNITED KI1","ARGENTINA2",1995,25965700
"UNITED KI1","UNITED ST7",1995,4492876
"UNITED KI1","ARGENTINA2",1996,17436176
"UNITED KI1","UNITED ST7",1996,13244911
"UNITED KI1","UNITED ST7",1997,7998566
"UNITED KI1","ARGENTINA2",1997,5406163