"D_YEAR","S_NATION","P_CATEGORY","PROFIT"
1997,"ARGENTINA","MFGR#11",22186844
1997,"ARGENTINA","MFGR#13",22369917
1997,"ARGENTINA","MFGR#14",13834343
1997,"ARGENTINA","MFGR#15",1160325
1997,"ARGENTINA","MFGR#21",4738490
1997,"ARGENTINA","MFGR#22",5318146
1997,"ARGENTINA","MFGR#23",5988652
1997,"ARGENTINA","MFGR#24",539075
1997,"ARGENTINA","MFGR#25",5398068
1997,"CANADA","MFGR#11",15866359
1997,"CANADA","MFGR#12",7306154
1997,"CANADA","MFGR#13",37001473
1997,"CANADA","MFGR#14",16072881
1997,"CANADA","MFGR#15",10759262
1997,"CANADA","MFGR#21",12936532
1997,"CANADA","MFGR#22",22029906
1997,"CANADA","MFGR#23",21731398
1997,"CANADA","MFGR#24",20015226
1997,"CANADA","MFGR#25",33977822
1997,"PERU","MFGR#11",21467741
1997,"PERU","MFGR#12",16800855
1997,"PERU","MFGR#13",23295251
1997,"PERU","MFGR#14",13946293
1997,"PERU","MFGR#15",33988037
1997,"PERU","MFGR#21",11336531
1997,"PERU","MFGR#22",7239327
1997,"PERU","MFGR#23",16114717
1997,"PERU","MFGR#24",21155281
1997,"PERU","MFGR#25",23712781
1997,"UNITED STATES","MFGR#11",22545829
1997,"UNITED STATES","MFGR#12",5449341
1997,"UNITED STATES","MFGR#13",19824354
1997,"UNITED STATES","MFGR#14",10136146
1997,"UNITED STATES","MFGR#15",25035245
1997,"UNITED STATES","MFGR#21",25262297
1997,"UNITED STATES","MFGR#22",28792298
1997,"UNITED STATES","MFGR#23",25991793
1997,"UNITED STATES","MFGR#24",14083648
1997,"UNITED STATES","MFGR#25",25870955
1998,"ARGENTINA","MFGR#11",723690
1998,"ARGENTINA","MFGR#12",4391953
1998,"ARGENTINA","MFGR#14",12226203
1998,"ARGENTINA","MFGR#15",1121141
1998,"ARGENTINA","MFGR#22",7751974
1998,"ARGENTINA","MFGR#23",5498938
1998,"ARGENTINA","MFGR#24",3232562
1998,"ARGENTINA","MFGR#25",9885165
1998,"CANADA","MFGR#11",5349059
1998,"CANADA","MFGR#12",17035573
1998,"CANADA","MFGR#13",6525216
1998,"CANADA","MFGR#14",6982533
1998,"CANADA","MFGR#15",14213642
1998,"CANADA","MFGR#21",14195351
1998,"CANADA","MFGR#22",8425432
1998,"CANADA","MFGR#23",27529293
1998,"CANADA","MFGR#24",12957362
1998,"CANADA","MFGR#25",6415614
1998,"PERU","MFGR#11",8546307
1998,"PERU","MFGR#12",7826661
1998,"PERU","MFGR#13",14429988
1998,"PERU","MFGR#14",12801996
1998,"PERU","MFGR#15",7917491
1998,"PERU","MFGR#21",3451331
1998,"PERU","MFGR#22",5944558
1998,"PERU","MFGR#23",18479859
1998,"PERU","MFGR#24",16590997
1998,"PERU","MFGR#25",15616191
1998,"UNITED STATES","MFGR#11",12444694
1998,"UNITED STATES","MFGR#12",7327657
1998,"UNITED STATES","MFGR#13",7749252
1998,"UNITED STATES","MFGR#14",15425066
1998,"UNITED STATES","MFGR#15",6309561
1998,"UNITED STATES","MFGR#22",12280198
1998,"UNITED STATES","MFGR#23",21321263
1998,"UNITED STATES","MFGR#24",22782019
1998,"UNITED STATES","MFGR#25",9049897