"LO_REVENUE","D_YEAR","P_BRAND"
15841902,1992,"MFGR#1205"
11524099,1992,"MFGR#1206"
26765203,1992,"MFGR#1207"
6901855,1992,"MFGR#1208"
28178085,1992,"MFGR#1209"