"D_YEAR","C_NATION","PROFIT"
1992,"ARGENTINA",138664078
1992,"BRAZIL",134801292
1992,"CANADA",288650539
1992,"PERU",199068142
1993,"ARGENTINA",150685916
1993,"BRAZIL",63683273
1993,"CANADA",286663702
1993,"PERU",182537803
1994,"ARGENTINA",137178708
1994,"BRAZIL",75301832
1994,"CANADA",328103735
1994,"PERU",193359691
1995,"ARGENTINA",157732567
1995,"BRAZIL",37792482
1995,"CANADA",263789038
1995,"PERU",148269719
1996,"ARGENTINA",225222415
1996,"BRAZIL",56284331
1996,"CANADA",251744550
1996,"PERU",146592048
1997,"ARGENTINA",107889493
1997,"BRAZIL",67264900
1997,"CANADA",270313726
1997,"PERU",225811474
1998,"ARGENTINA",74074044
1998,"BRAZIL",61418480
1998,"CANADA",142150069
1998,"PERU",113113094