"C_NATION","S_NATION","D_YEAR","LO_REVENUE"
"INDONESIA","INDIA",1992,212460197
"JAPAN","INDIA",1992,115407841
"INDIA","INDIA",1992,99764090
"CHINA","CHINA",1992,99702394
"CHINA","INDIA",1992,98256080
"INDONESIA","CHINA",1992,95685794
"VIETNAM","INDIA",1992,60054740
"VIETNAM","CHINA",1992,46113793
"JAPAN","CHINA",1992,43577687
"INDIA","CHINA",1992,40564692
"INDONESIA","INDIA",1993,262923601
"INDONESIA","CHINA",1993,160724976
"INDIA","INDIA",1993,132716966
"CHINA","INDIA",1993,132187457
"JAPAN","INDIA",1993,84858644
"VIETNAM","INDIA",1993,75221991
"JAPAN","CHINA",1993,57732435
"CHINA","CHINA",1993,52000909
"VIETNAM","CHINA",1993,43297990
"INDIA","CHINA",1993,28217995
"INDONESIA","INDIA",1994,208957081
"INDONESIA","CHINA",1994,132297276
"INDIA","INDIA",1994,98391316
"VIETNAM","INDIA",1994,97563745
"CHINA","INDIA",1994,87706169
"VIETNAM","CHINA",1994,67221591
"JAPAN","INDIA",1994,65296351
"CHINA","CHINA",1994,52156047
"JAPAN","CHINA",1994,47602276
"INDIA","CHINA",1994,38718484
"INDONESIA","INDIA",1995,196558150
"CHINA","INDIA",1995,167251652
"INDONESIA","CHINA",1995,152136955
"INDIA","INDIA",1995,102268805
"VIETNAM","INDIA",1995,97103406
"JAPAN","INDIA",1995,77972972
"VIETNAM","CHINA",1995,65688368
"CHINA","CHINA",1995,63273129
"INDIA","CHINA",1995,54523730
"JAPAN","CHINA",1995,51408230
"INDONESIA","INDIA",1996,176604541
"CHINA","INDIA",1996,151919598
"VIETNAM","INDIA",1996,149317514
"INDIA","INDIA",1996,118704358
"INDONESIA","CHINA",1996,117473034
"CHINA","CHINA",1996,94053725
"VIETNAM","CHINA",1996,93512379
"JAPAN","CHINA",1996,39628397
"JAPAN","INDIA",1996,38924880
"INDIA","CHINA",1996,32690038
"INDONESIA","INDIA",1997,208869845
"INDIA","INDIA",1997,134543836
"VIETNAM","INDIA",1997,125736429
"CHINA","INDIA",1997,115442355
"INDONESIA","CHINA",1997,90409720
"INDIA","CHINA",1997,53373967
"JAPAN","INDIA",1997,49044553
"CHINA","CHINA",1997,42907511
"VIETNAM","CHINA",1997,39510913
"JAPAN","CHINA",1997,28720977