"LO_REVENUE","D_YEAR","P_BRAND"
2652426,1992,"MFGR#2222"
5882590,1992,"MFGR#2224"
588657,1992,"MFGR#2225"
8743692,1992,"MFGR#2226"
6109278,1992,"MFGR#2227"
2757038,1993,"MFGR#2221"
209753,1993,"MFGR#2222"
5621749,1993,"MFGR#2223"
11425673,1993,"MFGR#2224"
3698809,1993,"MFGR#2225"
5170940,1993,"MFGR#2227"
16928610,1994,"MFGR#2221"
415225,1994,"MFGR#2222"
1307098,1994,"MFGR#2225"
1037892,1994,"MFGR#2226"
4225203,1994,"MFGR#2227"
3349305,1995,"MFGR#2221"
18597992,1995,"MFGR#2223"
5994747,1995,"MFGR#2226"
1137606,1995,"MFGR#2227"
3840161,1996,"MFGR#2221"
1368746,1996,"MFGR#2222"
10816470,1996,"MFGR#2224"
7542970,1996,"MFGR#2227"
9071406,1997,"MFGR#2221"
4756905,1997,"MFGR#2222"
2383295,1997,"MFGR#2223"
9984128,1997,"MFGR#2224"
2516888,1997,"MFGR#2226"
6301935,1998,"MFGR#2223"
5931644,1998,"MFGR#2226"
9354357,1998,"MFGR#2227"