"C_CITY","S_CITY","D_YEAR","LO_REVENUE"
"ARGENTINA3","IRAQ     9",1992,14558132
"ARGENTINA8","IRAQ     9",1992,14182123
"ARGENTINA2","IRAQ     9",1992,6622677
"ARGENTINA7","IRAQ     9",1992,3974603
"ARGENTINA1","IRAQ     9",1993,28078649
"ARGENTINA3","IRAQ     9",1993,10297000
"ARGENTINA0","IRAQ     9",1993,8318960
"ARGENTINA7","IRAQ     9",1993,7958784
"ARGENTINA2","IRAQ     9",1993,2713624
"ARGENTINA8","IRAQ     9",1993,329435
"ARGENTINA7","IRAQ     9",1994,19073254
"ARGENTINA8","IRAQ     9",1994,15190768
"ARGENTINA6","IRAQ     9",1994,8091284
"ARGENTINA0","IRAQ     9",1994,7679034
"ARGENTINA3","IRAQ     9",1994,5204230
"ARGENTINA1","IRAQ     9",1994,2497184
"ARGENTINA1","IRAQ     9",1995,21435822
"ARGENTINA7","IRAQ     9",1995,17726084
"ARGENTINA8","IRAQ     9",1995,9241630
"ARGENTINA3","IRAQ     9",1995,6016313
"ARGENTINA1","IRAQ     9",1996,25465273
"ARGENTINA3","IRAQ     9",1996,15747959
"ARGENTINA7","IRAQ     9",1996,11080556
"ARGENTINA2","IRAQ     9",1996,4999873
"ARGENTINA0","IRAQ     9",1996,3517548
"ARGENTINA6","IRAQ     9",1996,925975
"ARGENTINA8","IRAQ     9",1997,8648414
"ARGENTINA7","IRAQ     9",1997,7712605
"ARGENTINA2","IRAQ     9",1997,6361361
"ARGENTINA1","IRAQ     9",1997,2170997