"LO_REVENUE","D_YEAR","P_BRAND"
2879600,1993,"MFGR#2538"
8465353,1996,"MFGR#2538"
1279414,1998,"MFGR#2538"