"D_YEAR","S_CITY","P_BRAND","PROFIT"
1997,"UNITED ST5","MFGR#1401",5635606
1997,"UNITED ST5","MFGR#1435",4297957
1997,"UNITED ST5","MFGR#1436",202583
1998,"UNITED ST5","MFGR#1406",4383018
1998,"UNITED ST5","MFGR#1416",7394361
1998,"UNITED ST7","MFGR#1424",3647687