"C_CITY","S_CITY","D_YEAR","LO_REVENUE"
"UNITED KI1","ARGENTINA2",1997,1106620