"name","sbject","score"
"王五","数学",65
"王五","英语",90
"王五","语文",87
"李雷","数学",67
"李雷","英语",24
"李雷","语文",33
"宫九","数学",77
"宫九","英语",90
"宫九","语文",87
"张三","数学",88
"张三","英语",77
"张三","语文",92